C:\Users\hp\eclipse-workspace3\Medicare-main\src\main\java\com\medicare\service\Categoryservice.java
C:\Users\hp\eclipse-workspace3\Medicare-main\src\main\java\com\medicare\service\Purchaseservice.java
C:\Users\hp\eclipse-workspace3\Medicare-main\src\main\java\com\medicare\controller\Categorycontroller.java
C:\Users\hp\eclipse-workspace3\Medicare-main\src\main\java\com\medicare\service\Adminservice.java
C:\Users\hp\eclipse-workspace3\Medicare-main\src\main\java\com\medicare\service\Productservice.java
C:\Users\hp\eclipse-workspace3\Medicare-main\src\main\java\com\medicare\main\Purchase.java
C:\Users\hp\eclipse-workspace3\Medicare-main\src\main\java\com\medicare\Dao\AdminDao.java
C:\Users\hp\eclipse-workspace3\Medicare-main\src\main\java\com\medicare\main\User.java
C:\Users\hp\eclipse-workspace3\Medicare-main\src\main\java\com\medicare\main\Product.java
C:\Users\hp\eclipse-workspace3\Medicare-main\src\main\java\com\medicare\Dao\PurchaseDao.java
C:\Users\hp\eclipse-workspace3\Medicare-main\src\main\java\com\medicare\controller\ProductController.java
C:\Users\hp\eclipse-workspace3\Medicare-main\src\main\java\com\medicare\serviceimpl\Purchaseseviceimpl.java
C:\Users\hp\eclipse-workspace3\Medicare-main\src\main\java\com\medicare\main\Admin.java
C:\Users\hp\eclipse-workspace3\Medicare-main\src\main\java\com\medicare\Dao\CategoryDao.java
C:\Users\hp\eclipse-workspace3\Medicare-main\src\main\java\com\medicare\main\Category.java
C:\Users\hp\eclipse-workspace3\Medicare-main\src\main\java\com\medicare\Dao\CartDao.java
C:\Users\hp\eclipse-workspace3\Medicare-main\src\main\java\com\medicare\Dao\UserDao.java
C:\Users\hp\eclipse-workspace3\Medicare-main\src\main\java\com\medicare\Dao\ProductDao.java
C:\Users\hp\eclipse-workspace3\Medicare-main\src\main\java\com\medicare\service\CartService.java
C:\Users\hp\eclipse-workspace3\Medicare-main\src\main\java\com\medicare\serviceimpl\Categoryserviceimpl.java
C:\Users\hp\eclipse-workspace3\Medicare-main\src\main\java\com\medicare\controller\Purchasecontroller.java
C:\Users\hp\eclipse-workspace3\Medicare-main\src\main\java\com\medicare\serviceimpl\Productserviceimpl.java
C:\Users\hp\eclipse-workspace3\Medicare-main\src\main\java\com\medicare\controller\Admincontroller.java
C:\Users\hp\eclipse-workspace3\Medicare-main\src\main\java\com\medicare\main\Cart.java
C:\Users\hp\eclipse-workspace3\Medicare-main\src\main\java\com\medicare\serviceimpl\Userserviceimpl.java
C:\Users\hp\eclipse-workspace3\Medicare-main\src\main\java\com\medicare\controller\Usercontroller.java
C:\Users\hp\eclipse-workspace3\Medicare-main\src\main\java\com\medicare\serviceimpl\Adminserviceimpl.java
C:\Users\hp\eclipse-workspace3\Medicare-main\src\main\java\com\medicare\controller\CartController.java
C:\Users\hp\eclipse-workspace3\Medicare-main\src\main\java\com\medicare\serviceimpl\Cartserviceimpl.java
C:\Users\hp\eclipse-workspace3\Medicare-main\src\main\java\com\medicare\service\Userservice.java
C:\Users\hp\eclipse-workspace3\Medicare-main\src\main\java\com\medicare\MedicareApplication.java
